******************************************************************************
                  TI ARM Linker PC v18.12.4                    
******************************************************************************
>> Linked Sun Feb 23 22:13:12 2020

OUTPUT FILE NAME:   <lcd_keypad.out>
ENTRY POINT SYMBOL: "_c_int00_noinit_noargs"  address: 00000a4d


MEMORY CONFIGURATION

         name            origin    length      used     unused   attr    fill
----------------------  --------  ---------  --------  --------  ----  --------
  FLASH                 00000000   00040000  00000ae4  0003f51c  R  X
  SRAM                  20000000   00008000  00000200  00007e00  RW X


SEGMENT ALLOCATION MAP

run origin  load origin   length   init length attrs members
----------  ----------- ---------- ----------- ----- -------
00000000    00000000    00000ae4   00000ae4    r-x
  00000000    00000000    0000026c   0000026c    r-- .intvecs
  0000026c    0000026c    0000085c   0000085c    r-x .text
  00000ac8    00000ac8    0000001c   0000001c    r-- .const
20000000    20000000    00000200   00000000    rw-
  20000000    20000000    00000200   00000000    rw- .stack


SECTION ALLOCATION MAP

 output                                  attributes/
section   page    origin      length       input sections
--------  ----  ----------  ----------   ----------------
.intvecs   0    00000000    0000026c     
                  00000000    0000026c     tm4c123gh6pm_startup_ccs.obj (.intvecs)

.text      0    0000026c    0000085c     
                  0000026c    00000310     keypad.obj (.text)
                  0000057c    00000224     LCD.obj (.text)
                  000007a0    00000130     driverlib.lib : gpio.obj (.text:GPIOPadConfigSet)
                  000008d0    0000009c     rtsv7M4_T_le_v4SPD16_eabi.lib : memcpy_t2.asm.obj (.text)
                  0000096c    00000078     main.obj (.text)
                  000009e4    00000034     driverlib.lib : sysctl.obj (.text:SysCtlPeripheralEnable)
                  00000a18    00000034                   : sysctl.obj (.text:SysCtlPeripheralReady)
                  00000a4c    0000002c     rtsv7M4_T_le_v4SPD16_eabi.lib : boot_cortex_m.c.obj (.text:_c_int00_noinit_noargs:_c_int00_noinit_noargs)
                  00000a78    0000002a     driverlib.lib : gpio.obj (.text:GPIODirModeSet)
                  00000aa2    0000000c     tm4c123gh6pm_startup_ccs.obj (.text)
                  00000aae    00000006     driverlib.lib : gpio.obj (.text:GPIOPinRead)
                  00000ab4    00000006                   : gpio.obj (.text:GPIOPinWrite)
                  00000aba    00000006                   : sysctl.obj (.text:SysCtlDelay)
                  00000ac0    00000004     rtsv7M4_T_le_v4SPD16_eabi.lib : pre_init.c.obj (.text:_system_pre_init)
                  00000ac4    00000004                                   : exit.c.obj (.text:abort:abort)

.const     0    00000ac8    0000001c     
                  00000ac8    00000010     keypad.obj (.const:$P$T0$1)
                  00000ad8    00000004     keypad.obj (.const:.string:$P$T1$2)
                  00000adc    00000004     keypad.obj (.const:.string:$P$T2$3)
                  00000ae0    00000004     keypad.obj (.const:.string:$P$T3$4)

.cinit     0    00000000    00000000     UNINITIALIZED

.init_array 
*          0    00000000    00000000     UNINITIALIZED

.stack     0    20000000    00000200     UNINITIALIZED
                  20000000    00000004     rtsv7M4_T_le_v4SPD16_eabi.lib : boot_cortex_m.c.obj (.stack)
                  20000004    000001fc     --HOLE--

MODULE SUMMARY

       Module                         code   ro data   rw data
       ------                         ----   -------   -------
    .\
       keypad.obj                     784    28        0      
       tm4c123gh6pm_startup_ccs.obj   12     620       0      
       LCD.obj                        548    0         0      
       main.obj                       120    0         0      
    +--+------------------------------+------+---------+---------+
       Total:                         1464   648       0      
                                                              
    C:\ti\ccs930\ccs\tools\compiler\ti-cgt-arm_18.12.4.LTS\lib\rtsv7M4_T_le_v4SPD16_eabi.lib
       memcpy_t2.asm.obj              156    0         0      
       boot_cortex_m.c.obj            44     0         0      
       exit.c.obj                     4      0         0      
       pre_init.c.obj                 4      0         0      
    +--+------------------------------+------+---------+---------+
       Total:                         208    0         0      
                                                              
    F:/ARM/Labware/driverlib/ccs/Debug/driverlib.lib
       gpio.obj                       358    0         0      
       sysctl.obj                     110    0         0      
    +--+------------------------------+------+---------+---------+
       Total:                         468    0         0      
                                                              
       Stack:                         0      0         512    
    +--+------------------------------+------+---------+---------+
       Grand Total:                   2140   648       512    


GLOBAL SYMBOLS: SORTED ALPHABETICALLY BY Name 

address   name                        
-------   ----                        
00000ac5  C$$EXIT                     
00000a79  GPIODirModeSet              
000007a1  GPIOPadConfigSet            
00000aaf  GPIOPinRead                 
00000ab5  GPIOPinWrite                
000006af  LCD_Vid_Setposition         
00000607  LCD_Vid_WriteCommand        
0000065b  LCD_Vid_WriteData           
00000725  LCD_Vid_WriteNumber         
000006f5  LCD_Vid_WriteString         
0000057d  LCD_init                    
00000aa3  ResetISR                    
00000abb  SysCtlDelay                 
000009e5  SysCtlPeripheralEnable      
00000a19  SysCtlPeripheralReady       
20000200  __STACK_END                 
00000200  __STACK_SIZE                
20000200  __STACK_TOP                 
ffffffff  __TI_pprof_out_hndl         
ffffffff  __TI_prof_data_size         
ffffffff  __TI_prof_data_start        
00000000  __TI_static_base__          
000008d1  __aeabi_memcpy              
000008d1  __aeabi_memcpy4             
000008d1  __aeabi_memcpy8             
ffffffff  __binit__                   
ffffffff  __c_args__                  
UNDEFED   __mpu_init                  
20000000  __stack                     
00000a4d  _c_int00_noinit_noargs      
00000ac1  _system_pre_init            
00000ac5  abort                       
ffffffff  binit                       
00000000  g_pfnVectors                
000002db  keypad_getkey               
00000287  keypad_init                 
000003f7  keypad_kbhit                
0000046f  keypad_uint8_GetButtonStatus
0000041f  keypad_vid_Init             
0000096d  main                        
000008d1  memcpy                      
0000026d  unlock                      


GLOBAL SYMBOLS: SORTED BY Symbol Address 

address   name                        
-------   ----                        
00000000  __TI_static_base__          
00000000  g_pfnVectors                
00000200  __STACK_SIZE                
0000026d  unlock                      
00000287  keypad_init                 
000002db  keypad_getkey               
000003f7  keypad_kbhit                
0000041f  keypad_vid_Init             
0000046f  keypad_uint8_GetButtonStatus
0000057d  LCD_init                    
00000607  LCD_Vid_WriteCommand        
0000065b  LCD_Vid_WriteData           
000006af  LCD_Vid_Setposition         
000006f5  LCD_Vid_WriteString         
00000725  LCD_Vid_WriteNumber         
000007a1  GPIOPadConfigSet            
000008d1  __aeabi_memcpy              
000008d1  __aeabi_memcpy4             
000008d1  __aeabi_memcpy8             
000008d1  memcpy                      
0000096d  main                        
000009e5  SysCtlPeripheralEnable      
00000a19  SysCtlPeripheralReady       
00000a4d  _c_int00_noinit_noargs      
00000a79  GPIODirModeSet              
00000aa3  ResetISR                    
00000aaf  GPIOPinRead                 
00000ab5  GPIOPinWrite                
00000abb  SysCtlDelay                 
00000ac1  _system_pre_init            
00000ac5  C$$EXIT                     
00000ac5  abort                       
20000000  __stack                     
20000200  __STACK_END                 
20000200  __STACK_TOP                 
ffffffff  __TI_pprof_out_hndl         
ffffffff  __TI_prof_data_size         
ffffffff  __TI_prof_data_start        
ffffffff  __binit__                   
ffffffff  __c_args__                  
ffffffff  binit                       
UNDEFED   __mpu_init                  

[42 symbols]
